// Jest Snapshot v1, https://goo.gl/fbAQLP

exports[`should render ExpenseListItem with fixture data 1`] = `
<Link
  className="list__item"
  to="/edit/1"
>
  <div>
    <h3
      className="list__item-title"
    >
      Gum
    </h3>
    <span
      className="list__item-subtitle"
    >
      January 1st, 1970
    </span>
  </div>
  <h3
    className="list__item-data"
  >
    $1.93
  </h3>
</Link>
`;
